Note that running a local entrypoint in detached mode only keeps the last triggered Modal function alive after the parent process has been killed or disconnected.
✓ Initialized. View run at 
https://modal.com/apps/mys628/main/ap-IHyDcmycn1pgsGHry3VNBX
✓ Created objects.
├── 🔨 Created mount 
│   /Users/msrk/Documents/commit-confluence/exploratory/depth-curve/modal_depth_
│   b.py
├── 🔨 Created mount /Users/msrk/Documents/commit-confluence/modal/seal
├── 🔨 Created mount /Users/msrk/Documents/commit-confluence/modal/seal
├── 🔨 Created mount /Users/msrk/Documents/commit-confluence/modal/modal_app.py
├── 🔨 Created function extract_a100x4.
├── 🔨 Created function extract_h200x2.
├── 🔨 Created function extract_a100.
├── 🔨 Created function smoke_a100x4.
├── 🔨 Created function smoke_h200x2.
└── 🔨 Created function smoke_a100.
/seal/pri_v2_io_plugins.py:95: SyntaxWarning: invalid escape sequence '\s'
  regex's anchor `(?:(?:^|\n)\s*|[\.\:]\s+)` deliberately does NOT match

[1ALoading weights:   0%|          | 0/1065 [00:00<?, ?it/s]
[1ALoading weights:   0%|          | 1/1065 [00:11<3:32:28, 11.98s/it]
[1ALoading weights:   0%|          | 3/1065 [00:12<56:46,  3.21s/it]  
[1ALoading weights:   0%|          | 4/1065 [00:14<49:14,  2.78s/it]
[1ALoading weights:   2%|▏         | 16/1065 [00:14<07:12,  2.43it/s]
[1ALoading weights:   2%|▏         | 21/1065 [00:14<04:52,  3.57it/s]
[1ALoading weights:   3%|▎         | 29/1065 [00:16<04:28,  3.86it/s]
[1ALoading weights:   3%|▎         | 32/1065 [00:18<05:51,  2.94it/s]
[1ALoading weights:   4%|▍         | 42/1065 [00:18<03:14,  5.26it/s]
[1ALoading weights:   4%|▍         | 45/1065 [00:19<03:50,  4.42it/s]
[1ALoading weights:   5%|▌         | 55/1065 [00:21<03:22,  4.99it/s]
[1ALoading weights:   5%|▌         | 57/1065 [00:21<03:05,  5.44it/s]
[1ALoading weights:   6%|▌         | 66/1065 [00:23<03:12,  5.18it/s]
[1ALoading weights:   6%|▋         | 68/1065 [00:25<04:29,  3.70it/s]
[1ALoading weights:   6%|▋         | 69/1065 [00:26<06:16,  2.64it/s]
[1ALoading weights:   7%|▋         | 75/1065 [00:27<04:21,  3.78it/s]
[1ALoading weights:   7%|▋         | 78/1065 [00:28<05:09,  3.18it/s]
[1ALoading weights:   8%|▊         | 82/1065 [00:29<03:51,  4.24it/s]
[1ALoading weights:   8%|▊         | 84/1065 [00:30<05:35,  2.92it/s]
[1ALoading weights:   9%|▊         | 91/1065 [00:32<04:42,  3.44it/s]
[1ALoading weights:   9%|▉         | 95/1065 [00:34<05:33,  2.91it/s]
[1ALoading weights:  10%|▉         | 105/1065 [00:34<02:51,  5.60it/s]
[1ALoading weights:  10%|█         | 109/1065 [00:35<02:44,  5.82it/s]
[1ALoading weights:  11%|█         | 115/1065 [00:35<02:17,  6.91it/s]
[1ALoading weights:  11%|█▏        | 120/1065 [00:36<02:15,  6.95it/s]
[1ALoading weights:  11%|█▏        | 122/1065 [00:36<02:04,  7.55it/s]
[1ALoading weights:  13%|█▎        | 134/1065 [00:36<01:02, 15.00it/s]
[1ALoading weights:  14%|█▎        | 146/1065 [00:36<00:39, 23.53it/s]
[1ALoading weights:  14%|█▍        | 153/1065 [00:36<00:32, 28.31it/s]
[1ALoading weights:  15%|█▌        | 160/1065 [00:36<00:27, 32.35it/s]
[1ALoading weights:  16%|█▌        | 170/1065 [00:36<00:20, 42.73it/s]
[1ALoading weights:  17%|█▋        | 177/1065 [00:37<00:19, 44.71it/s]
[1ALoading weights:  17%|█▋        | 186/1065 [00:37<00:17, 49.31it/s]
[1ALoading weights:  19%|█▊        | 198/1065 [00:37<00:14, 58.62it/s]
[1ALoading weights:  19%|█▉        | 205/1065 [00:37<00:14, 58.80it/s]
[1ALoading weights:  20%|█▉        | 212/1065 [00:37<00:14, 58.92it/s]
[1ALoading weights:  21%|██        | 224/1065 [00:37<00:12, 66.31it/s]
[1ALoading weights:  22%|██▏       | 231/1065 [00:37<00:12, 67.05it/s]
[1ALoading weights:  22%|██▏       | 238/1065 [00:38<00:13, 61.88it/s]
[1ALoading weights:  23%|██▎       | 250/1065 [00:38<00:11, 68.64it/s]
[1ALoading weights:  24%|██▍       | 258/1065 [00:38<00:11, 68.83it/s]
[1ALoading weights:  25%|██▍       | 265/1065 [00:38<00:13, 57.93it/s]
[1ALoading weights:  26%|██▌       | 277/1065 [00:38<00:11, 65.82it/s]
[1ALoading weights:  27%|██▋       | 289/1065 [00:38<00:10, 70.85it/s]
[1ALoading weights:  28%|██▊       | 297/1065 [00:38<00:10, 69.92it/s]
[1ALoading weights:  29%|██▊       | 305/1065 [00:39<00:12, 62.23it/s]
[1ALoading weights:  30%|██▉       | 316/1065 [00:39<00:11, 65.48it/s]
[1ALoading weights:  31%|███       | 328/1065 [00:39<00:10, 70.22it/s]
[1ALoading weights:  32%|███▏      | 336/1065 [00:39<00:10, 69.52it/s]
[1ALoading weights:  32%|███▏      | 343/1065 [00:39<00:12, 58.33it/s]
[1ALoading weights:  33%|███▎      | 355/1065 [00:39<00:10, 67.11it/s]
[1ALoading weights:  34%|███▍      | 365/1065 [00:39<00:09, 74.11it/s]
[1ALoading weights:  35%|███▌      | 373/1065 [00:40<00:10, 67.48it/s]
[1ALoading weights:  36%|███▌      | 381/1065 [00:40<00:10, 63.45it/s]
[1ALoading weights:  37%|███▋      | 390/1065 [00:40<00:09, 69.58it/s]
[1ALoading weights:  37%|███▋      | 398/1065 [00:40<00:10, 64.10it/s]
[1ALoading weights:  38%|███▊      | 407/1065 [00:40<00:10, 64.04it/s]
[1ALoading weights:  39%|███▉      | 417/1065 [00:40<00:08, 72.08it/s]
[1ALoading weights:  40%|███▉      | 425/1065 [00:40<00:09, 66.03it/s]
[1ALoading weights:  41%|████      | 433/1065 [00:40<00:09, 63.43it/s]
[1ALoading weights:  42%|████▏     | 443/1065 [00:41<00:08, 71.62it/s]
[1ALoading weights:  42%|████▏     | 451/1065 [00:41<00:09, 65.00it/s]
[1ALoading weights:  43%|████▎     | 458/1065 [00:41<00:09, 65.10it/s]
[1ALoading weights:  44%|████▎     | 465/1065 [00:43<00:53, 11.13it/s]
[1ALoading weights:  44%|████▍     | 472/1065 [00:43<00:41, 14.32it/s]
[1ALoading weights:  45%|████▌     | 481/1065 [00:43<00:29, 19.94it/s]
[1ALoading weights:  46%|████▌     | 488/1065 [00:43<00:24, 23.10it/s]
[1ALoading weights:  47%|████▋     | 498/1065 [00:43<00:18, 31.24it/s]
[1ALoading weights:  48%|████▊     | 510/1065 [00:44<00:13, 41.30it/s]
[1ALoading weights:  49%|████▊     | 518/1065 [00:44<00:11, 46.44it/s]
[1ALoading weights:  49%|████▉     | 526/1065 [00:44<00:11, 47.41it/s]
[1ALoading weights:  50%|█████     | 537/1065 [00:44<00:09, 54.60it/s]
[1ALoading weights:  52%|█████▏    | 549/1065 [00:44<00:08, 62.52it/s]
[1ALoading weights:  52%|█████▏    | 557/1065 [00:44<00:07, 63.82it/s]
[1ALoading weights:  53%|█████▎    | 565/1065 [00:44<00:08, 58.90it/s]
[1ALoading weights:  54%|█████▍    | 576/1065 [00:44<00:07, 65.01it/s]
[1ALoading weights:  55%|█████▌    | 588/1065 [00:45<00:06, 70.86it/s]
[1ALoading weights:  56%|█████▌    | 596/1065 [00:45<00:06, 69.78it/s]
[1ALoading weights:  57%|█████▋    | 604/1065 [00:45<00:07, 62.84it/s]
[1ALoading weights:  58%|█████▊    | 615/1065 [00:45<00:06, 67.63it/s]
[1ALoading weights:  60%|██████    | 639/1065 [00:45<00:03, 107.05it/s]
[1ALoading weights:  65%|██████▍   | 687/1065 [00:45<00:01, 198.99it/s]
[1ALoading weights:  74%|███████▍  | 787/1065 [00:45<00:00, 407.03it/s]
[1ALoading weights:  82%|████████▏ | 877/1065 [00:45<00:00, 538.35it/s]
[1ALoading weights:  92%|█████████▏| 979/1065 [00:46<00:00, 657.15it/s]
[1ALoading weights:  99%|█████████▉| 1059/1065 [00:46<00:00, 691.84it/s]
[1ALoading weights: 100%|██████████| 1065/1065 [00:46<00:00, 23.06it/s] 
[gridB] google/gemma-3-12b-it anli_r1 precision=nf4 layers=48 H=16 kv=8
[gridB] gate row 0: cos=0.9999918 yes_no=True commit='YES'
[gridB] gate row 1: cos=0.9999916 yes_no=True commit='YES'
[gridB] 0/200 yes_no_so_far=1
[gridB] 25/200 yes_no_so_far=26
[gridB] 50/200 yes_no_so_far=51
[gridB] 75/200 yes_no_so_far=76
[gridB] 100/200 yes_no_so_far=101
[gridB] 125/200 yes_no_so_far=126
[gridB] 150/200 yes_no_so_far=151
[gridB] 175/200 yes_no_so_far=176
[gridB] done in 33s: yes_no_rate=100.00%
{'model': 'google/gemma-3-12b-it', 'task': 'anli_r1', 'precision': 'nf4', 'n_layers': 48, 'yes_no_commit_rate': 1.0, 'gate_cos': [0.99999, 0.99999], 'out': '/models/depth_grid_b/anli_r1/gemma-3-12b-it.depth.npz', 'gpu_label': 'A100-80GB'}
GRIDB_EXTRACT_RESULT ok
[modal-client] 2026-08-17T15:48:32-0700 Timed out waiting for final app logs.
✓ App completed. View run at 
https://modal.com/apps/mys628/main/ap-IHyDcmycn1pgsGHry3VNBX
