
  Loading model: mlx-community/Phi-4-mini-instruct-4bit
Fetching 12 files:   0%|          | 0/12 [00:00<?, ?it/s]Fetching 12 files: 100%|██████████| 12/12 [00:00<00:00, 13131.14it/s]
     Layers: 32 | Probed: {'final': 31} | Output projection: tied_embed (V=200064, D=3072)
[calibrate] model=mlx-community/Phi-4-mini-instruct-4bit  task=kv_tension_pilot_anli_r1_t0_20260609
[calibrate] n_calibration=200 (pos=100, neg=100)
[calibrate] panel=['attention[final_js] @ step 0', 'attention[final_js_kv_groups] @ step 0', 'attention[final_js_no_bos] @ step 0', 'attention[final_bos_mass] @ step 0', 'attention[final_js_within_kv_groups] @ step 0', 'attention[final_js_within_kv_groups_no_bos] @ step 0', 'attention[final_js_kv_tension_gap] @ step 0', 'attention[final_js_kv_tension_ratio] @ step 0', 'attention[mid_js] @ step 0', 'attention[mid_js_kv_groups] @ step 0', 'attention[mid_js_no_bos] @ step 0', 'attention[mid_bos_mass] @ step 0', 'attention[mid_js_within_kv_groups] @ step 0', 'attention[mid_js_within_kv_groups_no_bos] @ step 0', 'attention[mid_js_kv_tension_gap] @ step 0', 'attention[mid_js_kv_tension_ratio] @ step 0', 'attention[last_minus_1_js] @ step 0', 'attention[last_minus_1_js_kv_groups] @ step 0', 'attention[last_minus_1_js_no_bos] @ step 0', 'attention[last_minus_1_bos_mass] @ step 0', 'attention[last_minus_1_js_within_kv_groups] @ step 0', 'attention[last_minus_1_js_within_kv_groups_no_bos] @ step 0', 'attention[last_minus_1_js_kv_tension_gap] @ step 0', 'attention[last_minus_1_js_kv_tension_ratio] @ step 0']
[calibrate] attention capture active: target_map={'final': 31, 'mid': 16, 'last_minus_1': 30} n_kv_heads={'final': 8, 'mid': 8, 'last_minus_1': 8}  v_norms=False
[calibrate] tracing 200 samples...
[calibrate]   10/200
[calibrate]   20/200
[calibrate]   30/200
[calibrate]   40/200
[calibrate]   50/200
[calibrate]   60/200
[calibrate]   70/200
[calibrate]   80/200
[calibrate]   90/200
[calibrate]   100/200
[calibrate]   110/200
[calibrate]   120/200
[calibrate]   130/200
[calibrate]   140/200
[calibrate]   150/200
[calibrate]   160/200
[calibrate]   170/200
[calibrate]   180/200
[calibrate]   190/200
[calibrate]   200/200
[calibrate] best cell: attention[final_js_within_kv_groups] @ step 0  AUROC=0.737  sign=-1
[calibrate] in-sample 95%% CI: [0.671, 0.801]  (n_bootstrap=1000)
[calibrate] nested OOB bootstrap...
[calibrate] OOB median AUROC: 0.709  CI [0.581, 0.802]  (used 1000/1000 rounds)
[calibrate] winner stability: 0.63  counts: {'attention[final_js] @ step 0': 15, 'attention[final_js_within_kv_groups] @ step 0': 628, 'attention[final_js_kv_tension_ratio] @ step 0': 3, 'attention[mid_js_kv_groups] @ step 0': 8, 'attention[mid_bos_mass] @ step 0': 274, 'attention[mid_js_within_kv_groups_no_bos] @ step 0': 4, 'attention[mid_js_kv_tension_ratio] @ step 0': 13, 'attention[last_minus_1_js] @ step 0': 1, 'attention[last_minus_1_js_kv_groups] @ step 0': 2, 'attention[last_minus_1_js_no_bos] @ step 0': 4, 'attention[last_minus_1_js_within_kv_groups_no_bos] @ step 0': 48}
[calibrate]   WARNING: winner_unstable (winner_stability=0.63; a different panel cell wins on >30% of bootstrap resamples — the chosen cell is noise-driven at this n)
[calibrate] wrote profile: /Users/msrk/Documents/t0-morphology-furnace/exploratory/attention-kv-tension/pilot_outputs/2026-06-09/anli_r1_t0_kv_tension_run02/Phi-4-mini-instruct-4bit.profile.json
[calibrate] 1 warning(s) — see profile['warnings']
